23:42:32 **** Incremental Build of configuration Debug for project FlightControllerPeripheralTest ****
make -j7 all 
arm-none-eabi-gcc "../Core/Src/main.c" -mcpu=cortex-m4 -std=gnu11 -g3 -DSTM32F405xx -DUSE_HAL_DRIVER -DDEBUG -c -I../Core/Inc -I../Drivers/STM32F4xx_HAL_Driver/Inc -I../Drivers/STM32F4xx_HAL_Driver/Inc/Legacy -I../Drivers/CMSIS/Device/ST/STM32F4xx/Include -I../Drivers/CMSIS/Include -I../USB_DEVICE/App -I../USB_DEVICE/Target -I../Middlewares/ST/STM32_USB_Device_Library/Core/Inc -I../Middlewares/ST/STM32_USB_Device_Library/Class/CDC/Inc -O0 -ffunction-sections -fdata-sections -Wall -fstack-usage -MMD -MP -MF"Core/Src/main.d" -MT"Core/Src/main.o" --specs=nano.specs -mfpu=fpv4-sp-d16 -mfloat-abi=hard -mthumb -o "Core/Src/main.o"
arm-none-eabi-gcc -o "FlightControllerPeripheralTest.elf" @"objects.list"   -mcpu=cortex-m4 -T"/Users/zacharyheil/STM32CubeIDE/workspace_1.5.1/FlightControllerPeripheralTest/STM32F405RGTX_FLASH.ld" --specs=nosys.specs -Wl,-Map="FlightControllerPeripheralTest.map" -Wl,--gc-sections -static --specs=nano.specs -mfpu=fpv4-sp-d16 -mfloat-abi=hard -mthumb -Wl,--start-group -lc -lm -Wl,--end-group
Finished building target: FlightControllerPeripheralTest.elf
 
arm-none-eabi-objdump -h -S  FlightControllerPeripheralTest.elf  > "FlightControllerPeripheralTest.list"
arm-none-eabi-objcopy  -O binary  FlightControllerPeripheralTest.elf  "FlightControllerPeripheralTest.bin"
arm-none-eabi-size   FlightControllerPeripheralTest.elf 
   text	   data	    bss	    dec	    hex	filename
  28348	    492	   8036	  36876	   900c	FlightControllerPeripheralTest.elf
Finished building: default.size.stdout
 
Finished building: FlightControllerPeripheralTest.bin
 
Finished building: FlightControllerPeripheralTest.list
 
23:42:46 **** Incremental Build of configuration Debug for project FlightControllerPeripheralTest ****
make -j7 all 
arm-none-eabi-size   FlightControllerPeripheralTest.elf 
   text	   data	    bss	    dec	    hex	filename
  28348	    492	   8036	  36876	   900c	FlightControllerPeripheralTest.elf
Finished building: default.size.stdout
 
